// Jest Snapshot v1, https://goo.gl/fbAQLP

exports[`<ImagePreview /> should match snapshot 1`] = `
<DocumentFragment>
  <section
    class="css-17ztkzs"
    data-testid="ImagePreview-wrapper"
  >
    <div>
      ImagePreview Component
    </div>
  </section>
</DocumentFragment>
`;
