// Jest Snapshot v1, https://goo.gl/fbAQLP

exports[`<Thumbnails> should match snapshot 1`] = `
<DocumentFragment>
  <section
    class="css-119czso"
    data-testid="Thumbnails-wrapper"
  >
    <div>
      Thumbnails Component
    </div>
  </section>
</DocumentFragment>
`;
