// Jest Snapshot v1, https://goo.gl/fbAQLP

exports[`<Thumbnails> should match snapshot 1`] = `
<DocumentFragment>
  <div
    class="css-119czso"
    data-testid="Thumbnails"
  >
    <div>
      Thumbnails Component
    </div>
  </div>
</DocumentFragment>
`;
